<!DOCTYPE html><html lang="en"><head>
  <meta charset="UTF-8">
  <meta name="viewport" content="width=device-width, initial-scale=1.0">
  <meta http-equiv="X-UA-Compatible" content="ie=edge">
  <title>Testing</title>
  <link rel="stylesheet" href="hexlet-io-courses_files/assets-style.css">
  <link rel="stylesheet" href="hexlet-io-courses_files/assets-main.css">
</head>
<body>
  <h1 class="test">hello</h1>
  <img src="hexlet-io-courses_files/assets-img-1.png" alt="">
  <img>
  <script></script>
  <link>
  <script src="hexlet-io-courses_files/assets-js-script.js"></script>
  <script src="https://cdn2.hexlet.io/assets/essential-476044e86044baa43c1b5a57ffdcb6a8c8853888ec074dc6a5ac5b8141bfd1e6.js"></script>


</body></html>